\BOOKMARK [1][-]{section.1}{\376\377\000L\000a\000n\000g\000u\000a\000g\000e\000\040\000s\000t\000u\000f\000f}{}% 1
\BOOKMARK [2][-]{subsection.1.1}{\376\377\000L\000i\000b\000r\000a\000r\000i\000e\000s\000\040\000a\000n\000d\000\040\000s\000t\000u\000f\000f}{section.1}% 2
\BOOKMARK [2][-]{subsection.1.2}{\376\377\000C\000o\000m\000p\000i\000l\000i\000n\000g}{section.1}% 3
\BOOKMARK [2][-]{subsection.1.3}{\376\377\000S\000t\000r\000i\000n\000g\000\040\000r\000e\000a\000d\000i\000n\000g}{section.1}% 4
\BOOKMARK [3][-]{subsubsection.1.3.1}{\376\377\000R\000e\000a\000d\000i\000n\000g\000\040\000l\000i\000n\000e\000s}{subsection.1.3}% 5
\BOOKMARK [3][-]{subsubsection.1.3.2}{\376\377\000S\000t\000r\000i\000n\000g\000\040\000s\000t\000r\000e\000a\000m\000s}{subsection.1.3}% 6
\BOOKMARK [3][-]{subsubsection.1.3.3}{\376\377\000A\000p\000p\000e\000n\000d\000i\000n\000g\000\040\000t\000o\000\040\000s\000t\000r\000i\000n\000g}{subsection.1.3}% 7
\BOOKMARK [2][-]{subsection.1.4}{\376\377\000U\000p\000p\000e\000r\000\040\000a\000n\000d\000\040\000l\000o\000w\000e\000r\000\040\000b\000o\000u\000n\000d}{section.1}% 8
\BOOKMARK [2][-]{subsection.1.5}{\376\377\000P\000r\000i\000m\000i\000t\000i\000v\000e\000\040\000t\000y\000p\000e\000s}{section.1}% 9
\BOOKMARK [1][-]{section.2}{\376\377\000A\000l\000g\000o\000r\000i\000t\000h\000m\000s}{}% 10
\BOOKMARK [2][-]{subsection.2.1}{\376\377\000S\000e\000g\000m\000e\000n\000t\000\040\000t\000r\000e\000e}{section.2}% 11
\BOOKMARK [3][-]{subsubsection.2.1.1}{\376\377\000R\000e\000c\000u\000r\000s\000i\000v\000e\000\040\000S\000e\000g\000T\000r\000e\000e}{subsection.2.1}% 12
\BOOKMARK [2][-]{subsection.2.2}{\376\377\000G\000C\000D}{section.2}% 13
\BOOKMARK [2][-]{subsection.2.3}{\376\377\000B\000i\000n\000p\000o\000w}{section.2}% 14
\BOOKMARK [2][-]{subsection.2.4}{\376\377\000P\000r\000i\000m\000\040\000-\000\040\000M\000S\000T}{section.2}% 15
\BOOKMARK [2][-]{subsection.2.5}{\376\377\000D\000i\000j\000k\000s\000t\000r\000a\000\040\000-\000\040\000M\000i\000n\000i\000m\000u\000m\000\040\000w\000e\000i\000g\000h\000t\000\040\000p\000a\000t\000h}{section.2}% 16
\BOOKMARK [2][-]{subsection.2.6}{\376\377\000K\000a\000h\000n\000\040\000-\000\040\000T\000o\000p\000o\000\040\000S\000o\000r\000t}{section.2}% 17
\BOOKMARK [1][-]{section.3}{\376\377\000D\000a\000t\000a\000\040\000S\000t\000r\000u\000c\000t\000u\000r\000e\000s}{}% 18
\BOOKMARK [2][-]{subsection.3.1}{\376\377\000D\000S\000U}{section.3}% 19
\BOOKMARK [2][-]{subsection.3.2}{\376\377\000O\000r\000d\000e\000r\000e\000d\000\040\000S\000e\000t}{section.3}% 20
\BOOKMARK [3][-]{subsubsection.3.2.1}{\376\377\000H\000o\000w\000\040\000t\000o\000\040\000u\000s\000e\000\040\000i\000t}{subsection.3.2}% 21
\BOOKMARK [1][-]{section.4}{\376\377\000M\000a\000t\000h\000s}{}% 22
\BOOKMARK [2][-]{subsection.4.1}{\376\377\000S\000u\000m\000\040\000o\000f\000\040\000d\000i\000v\000i\000s\000o\000r\000s}{section.4}% 23
\BOOKMARK [2][-]{subsection.4.2}{\376\377\000H\000a\000s\000h\000i\000n\000g}{section.4}% 24
\BOOKMARK [2][-]{subsection.4.3}{\376\377\000B\000i\000t\000w\000i\000s\000e}{section.4}% 25
\BOOKMARK [3][-]{subsubsection.4.3.1}{\376\377\000P\000r\000o\000p\000e\000r\000t\000i\000e\000s}{subsection.4.3}% 26
\BOOKMARK [3][-]{subsubsection.4.3.2}{\376\377\000E\000q\000u\000a\000t\000i\000o\000n\000s}{subsection.4.3}% 27
\BOOKMARK [2][-]{subsection.4.4}{\376\377\000F\000e\000r\000m\000a\000t\000'\000s\000\040\000L\000i\000t\000t\000l\000e\000\040\000T\000h\000e\000o\000r\000e\000m}{section.4}% 28
